10:11:37 **** Clean-only build of configuration Debug for project Algo_compression ****
make -j12 clean 
rm -rf ./Startup/startup_stm32f446retx.d ./Startup/startup_stm32f446retx.o
rm -rf Algo_compression.elf Algo_compression.list Algo_compression.map default.size.stdout
 
10:11:38 **** Incremental Build of configuration Debug for project Algo_compression ****
make -j12 all 
arm-none-eabi-gcc -mcpu=cortex-m4 -g3 -DDEBUG -c -I"C:/Users/Jerem/Documents/GitHub/Cours_prog_C/Algo_compression/Inc" -I"C:/Users/Jerem/Documents/GitHub/Cours_prog_C/Algo_compression/Drivers/CMSIS/Device/ST/STM32F4xx/Include" -I"C:/Users/Jerem/Documents/GitHub/Cours_prog_C/Algo_compression/Drivers/CMSIS/Include" -x assembler-with-cpp -MMD -MP -MF"Startup/startup_stm32f446retx.d" -MT"Startup/startup_stm32f446retx.o" --specs=nano.specs -mfpu=fpv4-sp-d16 -mfloat-abi=hard -mthumb -o "Startup/startup_stm32f446retx.o" "../Startup/startup_stm32f446retx.s"
arm-none-eabi-gcc "../Src/gpio.c" -mcpu=cortex-m4 -std=gnu11 -g3 -DDEBUG -DSTM32 -DSTM32F4 -DSTM32F446RETx -c -I"C:/Users/Jerem/Documents/GitHub/Cours_prog_C/Algo_compression/Inc" -I"C:/Users/Jerem/Documents/GitHub/Cours_prog_C/Algo_compression/Drivers/CMSIS/Device/ST/STM32F4xx/Include" -I"C:/Users/Jerem/Documents/GitHub/Cours_prog_C/Algo_compression/Drivers/CMSIS/Include" -O0 -ffunction-sections -fdata-sections -Wall -fstack-usage -fcyclomatic-complexity -MMD -MP -MF"Src/gpio.d" -MT"Src/gpio.o" --specs=nano.specs -mfpu=fpv4-sp-d16 -mfloat-abi=hard -mthumb -o "Src/gpio.o"
arm-none-eabi-gcc "../Src/interrupt.c" -mcpu=cortex-m4 -std=gnu11 -g3 -DDEBUG -DSTM32 -DSTM32F4 -DSTM32F446RETx -c -I"C:/Users/Jerem/Documents/GitHub/Cours_prog_C/Algo_compression/Inc" -I"C:/Users/Jerem/Documents/GitHub/Cours_prog_C/Algo_compression/Drivers/CMSIS/Device/ST/STM32F4xx/Include" -I"C:/Users/Jerem/Documents/GitHub/Cours_prog_C/Algo_compression/Drivers/CMSIS/Include" -O0 -ffunction-sections -fdata-sections -Wall -fstack-usage -fcyclomatic-complexity -MMD -MP -MF"Src/interrupt.d" -MT"Src/interrupt.o" --specs=nano.specs -mfpu=fpv4-sp-d16 -mfloat-abi=hard -mthumb -o "Src/interrupt.o"
arm-none-eabi-gcc "../Src/main.c" -mcpu=cortex-m4 -std=gnu11 -g3 -DDEBUG -DSTM32 -DSTM32F4 -DSTM32F446RETx -c -I"C:/Users/Jerem/Documents/GitHub/Cours_prog_C/Algo_compression/Inc" -I"C:/Users/Jerem/Documents/GitHub/Cours_prog_C/Algo_compression/Drivers/CMSIS/Device/ST/STM32F4xx/Include" -I"C:/Users/Jerem/Documents/GitHub/Cours_prog_C/Algo_compression/Drivers/CMSIS/Include" -O0 -ffunction-sections -fdata-sections -Wall -fstack-usage -fcyclomatic-complexity -MMD -MP -MF"Src/main.d" -MT"Src/main.o" --specs=nano.specs -mfpu=fpv4-sp-d16 -mfloat-abi=hard -mthumb -o "Src/main.o"
arm-none-eabi-gcc "../Src/syscalls.c" -mcpu=cortex-m4 -std=gnu11 -g3 -DDEBUG -DSTM32 -DSTM32F4 -DSTM32F446RETx -c -I"C:/Users/Jerem/Documents/GitHub/Cours_prog_C/Algo_compression/Inc" -I"C:/Users/Jerem/Documents/GitHub/Cours_prog_C/Algo_compression/Drivers/CMSIS/Device/ST/STM32F4xx/Include" -I"C:/Users/Jerem/Documents/GitHub/Cours_prog_C/Algo_compression/Drivers/CMSIS/Include" -O0 -ffunction-sections -fdata-sections -Wall -fstack-usage -fcyclomatic-complexity -MMD -MP -MF"Src/syscalls.d" -MT"Src/syscalls.o" --specs=nano.specs -mfpu=fpv4-sp-d16 -mfloat-abi=hard -mthumb -o "Src/syscalls.o"
arm-none-eabi-gcc "../Src/sysmem.c" -mcpu=cortex-m4 -std=gnu11 -g3 -DDEBUG -DSTM32 -DSTM32F4 -DSTM32F446RETx -c -I"C:/Users/Jerem/Documents/GitHub/Cours_prog_C/Algo_compression/Inc" -I"C:/Users/Jerem/Documents/GitHub/Cours_prog_C/Algo_compression/Drivers/CMSIS/Device/ST/STM32F4xx/Include" -I"C:/Users/Jerem/Documents/GitHub/Cours_prog_C/Algo_compression/Drivers/CMSIS/Include" -O0 -ffunction-sections -fdata-sections -Wall -fstack-usage -fcyclomatic-complexity -MMD -MP -MF"Src/sysmem.d" -MT"Src/sysmem.o" --specs=nano.specs -mfpu=fpv4-sp-d16 -mfloat-abi=hard -mthumb -o "Src/sysmem.o"
arm-none-eabi-gcc "../Src/timer.c" -mcpu=cortex-m4 -std=gnu11 -g3 -DDEBUG -DSTM32 -DSTM32F4 -DSTM32F446RETx -c -I"C:/Users/Jerem/Documents/GitHub/Cours_prog_C/Algo_compression/Inc" -I"C:/Users/Jerem/Documents/GitHub/Cours_prog_C/Algo_compression/Drivers/CMSIS/Device/ST/STM32F4xx/Include" -I"C:/Users/Jerem/Documents/GitHub/Cours_prog_C/Algo_compression/Drivers/CMSIS/Include" -O0 -ffunction-sections -fdata-sections -Wall -fstack-usage -fcyclomatic-complexity -MMD -MP -MF"Src/timer.d" -MT"Src/timer.o" --specs=nano.specs -mfpu=fpv4-sp-d16 -mfloat-abi=hard -mthumb -o "Src/timer.o"
arm-none-eabi-gcc "../Src/usart.c" -mcpu=cortex-m4 -std=gnu11 -g3 -DDEBUG -DSTM32 -DSTM32F4 -DSTM32F446RETx -c -I"C:/Users/Jerem/Documents/GitHub/Cours_prog_C/Algo_compression/Inc" -I"C:/Users/Jerem/Documents/GitHub/Cours_prog_C/Algo_compression/Drivers/CMSIS/Device/ST/STM32F4xx/Include" -I"C:/Users/Jerem/Documents/GitHub/Cours_prog_C/Algo_compression/Drivers/CMSIS/Include" -O0 -ffunction-sections -fdata-sections -Wall -fstack-usage -fcyclomatic-complexity -MMD -MP -MF"Src/usart.d" -MT"Src/usart.o" --specs=nano.specs -mfpu=fpv4-sp-d16 -mfloat-abi=hard -mthumb -o "Src/usart.o"
arm-none-eabi-gcc "../Src/util.c" -mcpu=cortex-m4 -std=gnu11 -g3 -DDEBUG -DSTM32 -DSTM32F4 -DSTM32F446RETx -c -I"C:/Users/Jerem/Documents/GitHub/Cours_prog_C/Algo_compression/Inc" -I"C:/Users/Jerem/Documents/GitHub/Cours_prog_C/Algo_compression/Drivers/CMSIS/Device/ST/STM32F4xx/Include" -I"C:/Users/Jerem/Documents/GitHub/Cours_prog_C/Algo_compression/Drivers/CMSIS/Include" -O0 -ffunction-sections -fdata-sections -Wall -fstack-usage -fcyclomatic-complexity -MMD -MP -MF"Src/util.d" -MT"Src/util.o" --specs=nano.specs -mfpu=fpv4-sp-d16 -mfloat-abi=hard -mthumb -o "Src/util.o"
arm-none-eabi-gcc -o "Algo_compression.elf" @"objects.list"   -mcpu=cortex-m4 -T"C:\Users\Jerem\Documents\GitHub\Cours_prog_C\Algo_compression\STM32F446RETX_FLASH.ld" --specs=nosys.specs -Wl,-Map="Algo_compression.map" -Wl,--gc-sections -static --specs=nano.specs -mfpu=fpv4-sp-d16 -mfloat-abi=hard -mthumb -Wl,--start-group -lc -lm -Wl,--end-group
Finished building target: Algo_compression.elf
 
arm-none-eabi-size  Algo_compression.elf 
arm-none-eabi-objdump -h -S Algo_compression.elf  > "Algo_compression.list"
   text	   data	    bss	    dec	    hex	filename
   4060	     96	   1904	   6060	   17ac	Algo_compression.elf
Finished building: default.size.stdout
 
Finished building: Algo_compression.list
 
10:13:46 **** Incremental Build of configuration Debug for project Algo_compression ****
make -j12 all 
arm-none-eabi-size  Algo_compression.elf 
   text	   data	    bss	    dec	    hex	filename
   4060	     96	   1904	   6060	   17ac	Algo_compression.elf
Finished building: default.size.stdout
 
10:14:42 **** Incremental Build of configuration Debug for project Algo_compression ****
make -j12 all 
arm-none-eabi-gcc "../Src/main.c" -mcpu=cortex-m4 -std=gnu11 -g3 -DDEBUG -DSTM32 -DSTM32F4 -DSTM32F446RETx -c -I"C:/Users/Jerem/Documents/GitHub/Cours_prog_C/Algo_compression/Inc" -I"C:/Users/Jerem/Documents/GitHub/Cours_prog_C/Algo_compression/Drivers/CMSIS/Device/ST/STM32F4xx/Include" -I"C:/Users/Jerem/Documents/GitHub/Cours_prog_C/Algo_compression/Drivers/CMSIS/Include" -O0 -ffunction-sections -fdata-sections -Wall -fstack-usage -fcyclomatic-complexity -MMD -MP -MF"Src/main.d" -MT"Src/main.o" --specs=nano.specs -mfpu=fpv4-sp-d16 -mfloat-abi=hard -mthumb -o "Src/main.o"
arm-none-eabi-gcc -o "Algo_compression.elf" @"objects.list"   -mcpu=cortex-m4 -T"C:\Users\Jerem\Documents\GitHub\Cours_prog_C\Algo_compression\STM32F446RETX_FLASH.ld" --specs=nosys.specs -Wl,-Map="Algo_compression.map" -Wl,--gc-sections -static --specs=nano.specs -mfpu=fpv4-sp-d16 -mfloat-abi=hard -mthumb -Wl,--start-group -lc -lm -Wl,--end-group
Finished building target: Algo_compression.elf
 
arm-none-eabi-size  Algo_compression.elf 
arm-none-eabi-objdump -h -S Algo_compression.elf  > "Algo_compression.list"
   text	   data	    bss	    dec	    hex	filename
   4060	     96	   1904	   6060	   17ac	Algo_compression.elf
Finished building: default.size.stdout
 
Finished building: Algo_compression.list
 
